// Jest Snapshot v1, https://goo.gl/fbAQLP

exports[`PasswordInput Should match the snapshot 1`] = `
<div
  style={
    Object {
      "marginBottom": 16,
    }
  }
>
  <label
    htmlFor="password-input-example-all-features"
    style={
      Object {
        "display": "block",
      }
    }
  >
    Password
     
    <span
      style={
        Object {
          "color": "red",
        }
      }
    >
      *
    </span>
  </label>
  <input
    id="password-input-example-all-features"
    maxLength={50}
    name="password"
    onChange={[Function]}
    placeholder={undefined}
    style={undefined}
    type="password"
    value="valureFor#123"
  />
</div>
`;
